
> zattar-advogados-app@0.1.0 build
> npm run check:architecture && node --max-old-space-size=6144 node_modules/next/dist/bin/next build --experimental-build-mode=compile


> zattar-advogados-app@0.1.0 check:architecture
> node scripts/check-architecture-imports.js

🔍 Verificando imports arquiteturais...

✅ Nenhuma violação arquitetural encontrada
⚠ Invalid next.config.ts options detected: 
⚠     Unrecognized key(s) in object: 'cacheHandler', 'cacheMaxMemorySize' at "experimental"
⚠ See more info here: https://nextjs.org/docs/messages/invalid-next-config
▲ Next.js 16.1.1 (Turbopack)
- Environments: .env.local
- Experiments (use with caution):
  ? cacheHandler (invalid experimental key)
  ? cacheMaxMemorySize (invalid experimental key)
  · optimizePackageImports
  ⨯ serverSourceMaps

  Creating an optimized production build ...
